-
    amount: '10 DCAU'
    recipientId: A
-
    amount: '20 DCAU'
    recipientId: B
-
    amount: '30 DCAU'
    recipientId: C
-
    amount: '40 DCAU'
    recipientId: D
-
    amount: '50 DCAU'
    recipientId: E
